

================================================================
== Vivado HLS Report for 'nodeDetector'
================================================================
* Date:           Thu May 23 21:23:39 2019

* Version:        2018.3 (Build 2405991 on Thu Dec 06 23:56:15 MST 2018)
* Project:        NodeDetector
* Solution:       solution1
* Product family: zynq
* Target device:  xc7z010clg400-1


================================================================
== Performance Estimates
================================================================
+ Timing (ns): 
    * Summary: 
    +--------+-------+----------+------------+
    |  Clock | Target| Estimated| Uncertainty|
    +--------+-------+----------+------------+
    |ap_clk  |   7.50|     6.407|        0.94|
    +--------+-------+----------+------------+

+ Latency (clock cycles): 
    * Summary: 
    +--------+--------+--------+--------+---------+
    |     Latency     |     Interval    | Pipeline|
    |   min  |   max  |   min  |   max  |   Type  |
    +--------+--------+--------+--------+---------+
    |  921605|  921605|  921605|  921605|   none  |
    +--------+--------+--------+--------+---------+

    + Detail: 
        * Instance: 
        N/A

        * Loop: 
        +----------+--------+--------+----------+-----------+-----------+--------+----------+
        |          |     Latency     | Iteration|  Initiation Interval  |  Trip  |          |
        | Loop Name|   min  |   max  |  Latency |  achieved |   target  |  Count | Pipelined|
        +----------+--------+--------+----------+-----------+-----------+--------+----------+
        |- Loop 1  |  921603|  921603|         5|          1|          1|  921600|    yes   |
        +----------+--------+--------+----------+-----------+-----------+--------+----------+



================================================================
== Utilization Estimates
================================================================
* Summary: 
+-----------------+---------+-------+-------+-------+
|       Name      | BRAM_18K| DSP48E|   FF  |  LUT  |
+-----------------+---------+-------+-------+-------+
|DSP              |        -|      -|      -|      -|
|Expression       |        -|      -|      0|   1526|
|FIFO             |        -|      -|      -|      -|
|Instance         |        0|      -|    226|    312|
|Memory           |        -|      -|      -|      -|
|Multiplexer      |        -|      -|      -|    546|
|Register         |        0|      -|   1170|    320|
+-----------------+---------+-------+-------+-------+
|Total            |        0|      0|   1396|   2704|
+-----------------+---------+-------+-------+-------+
|Available        |      120|     80|  35200|  17600|
+-----------------+---------+-------+-------+-------+
|Utilization (%)  |        0|      0|      3|     15|
+-----------------+---------+-------+-------+-------+

+ Detail: 
    * Instance: 
    +-------------------------------+-----------------------------+---------+-------+-----+-----+
    |            Instance           |            Module           | BRAM_18K| DSP48E|  FF | LUT |
    +-------------------------------+-----------------------------+---------+-------+-----+-----+
    |nodeDetector_CRTL_BUS_s_axi_U  |nodeDetector_CRTL_BUS_s_axi  |        0|      0|  226|  312|
    +-------------------------------+-----------------------------+---------+-------+-----+-----+
    |Total                          |                             |        0|      0|  226|  312|
    +-------------------------------+-----------------------------+---------+-------+-----+-----+

    * DSP48: 
    N/A

    * Memory: 
    N/A

    * FIFO: 
    N/A

    * Expression: 
    +-------------------------------------+----------+-------+---+----+------------+------------+
    |            Variable Name            | Operation| DSP48E| FF| LUT| Bitwidth P0| Bitwidth P1|
    +-------------------------------------+----------+-------+---+----+------------+------------+
    |columnCnt_1_fu_774_p2                |     +    |      0|  0|  39|          32|           1|
    |i_1_fu_658_p2                        |     +    |      0|  0|  27|          20|           1|
    |ret_V_fu_546_p2                      |     +    |      0|  0|  24|           1|          17|
    |rowCnt_1_fu_768_p2                   |     +    |      0|  0|  39|          32|           1|
    |ap_block_pp0_stage0_01001            |    and   |      0|  0|   2|           1|           1|
    |ap_block_state2_pp0_stage0_iter0     |    and   |      0|  0|   2|           1|           1|
    |ap_block_state5_io                   |    and   |      0|  0|   2|           1|           1|
    |ap_block_state6_io                   |    and   |      0|  0|   2|           1|           1|
    |ap_condition_1151                    |    and   |      0|  0|   2|           1|           1|
    |brmerge1368_demorgan_fu_1042_p2      |    and   |      0|  0|   2|           1|           1|
    |brmerge1370_demorgan_fu_1058_p2      |    and   |      0|  0|   2|           1|           1|
    |brmerge1372_demorgan_fu_1074_p2      |    and   |      0|  0|   2|           1|           1|
    |brmerge1374_demorgan_fu_1090_p2      |    and   |      0|  0|   2|           1|           1|
    |brmerge1376_demorgan_fu_1106_p2      |    and   |      0|  0|   2|           1|           1|
    |brmerge1378_demorgan_fu_1122_p2      |    and   |      0|  0|   2|           1|           1|
    |brmerge1380_demorgan_fu_1138_p2      |    and   |      0|  0|   2|           1|           1|
    |brmerge1382_demorgan_fu_1154_p2      |    and   |      0|  0|   2|           1|           1|
    |brmerge1385_demorgan_fu_1170_p2      |    and   |      0|  0|   2|           1|           1|
    |brmerge1388_demorgan_fu_1186_p2      |    and   |      0|  0|   2|           1|           1|
    |brmerge1391_demorgan_fu_1202_p2      |    and   |      0|  0|   2|           1|           1|
    |brmerge1394_demorgan_fu_1218_p2      |    and   |      0|  0|   2|           1|           1|
    |brmerge1397_demorgan_fu_1234_p2      |    and   |      0|  0|   2|           1|           1|
    |brmerge1400_demorgan_fu_1250_p2      |    and   |      0|  0|   2|           1|           1|
    |inStream_V_data_V_0_load_A           |    and   |      0|  0|   2|           1|           1|
    |inStream_V_data_V_0_load_B           |    and   |      0|  0|   2|           1|           1|
    |inStream_V_dest_V_0_load_A           |    and   |      0|  0|   2|           1|           1|
    |inStream_V_dest_V_0_load_B           |    and   |      0|  0|   2|           1|           1|
    |inStream_V_id_V_0_load_A             |    and   |      0|  0|   2|           1|           1|
    |inStream_V_id_V_0_load_B             |    and   |      0|  0|   2|           1|           1|
    |inStream_V_keep_V_0_load_A           |    and   |      0|  0|   2|           1|           1|
    |inStream_V_keep_V_0_load_B           |    and   |      0|  0|   2|           1|           1|
    |inStream_V_last_V_0_load_A           |    and   |      0|  0|   2|           1|           1|
    |inStream_V_last_V_0_load_B           |    and   |      0|  0|   2|           1|           1|
    |inStream_V_strb_V_0_load_A           |    and   |      0|  0|   2|           1|           1|
    |inStream_V_strb_V_0_load_B           |    and   |      0|  0|   2|           1|           1|
    |inStream_V_user_V_0_load_A           |    and   |      0|  0|   2|           1|           1|
    |inStream_V_user_V_0_load_B           |    and   |      0|  0|   2|           1|           1|
    |outStream_V_data_V_1_load_A          |    and   |      0|  0|   2|           1|           1|
    |outStream_V_data_V_1_load_B          |    and   |      0|  0|   2|           1|           1|
    |outStream_V_dest_V_1_load_A          |    and   |      0|  0|   2|           1|           1|
    |outStream_V_dest_V_1_load_B          |    and   |      0|  0|   2|           1|           1|
    |outStream_V_id_V_1_load_A            |    and   |      0|  0|   2|           1|           1|
    |outStream_V_id_V_1_load_B            |    and   |      0|  0|   2|           1|           1|
    |outStream_V_keep_V_1_load_A          |    and   |      0|  0|   2|           1|           1|
    |outStream_V_keep_V_1_load_B          |    and   |      0|  0|   2|           1|           1|
    |outStream_V_last_V_1_load_A          |    and   |      0|  0|   2|           1|           1|
    |outStream_V_last_V_1_load_B          |    and   |      0|  0|   2|           1|           1|
    |outStream_V_strb_V_1_load_A          |    and   |      0|  0|   2|           1|           1|
    |outStream_V_strb_V_1_load_B          |    and   |      0|  0|   2|           1|           1|
    |outStream_V_user_V_1_load_A          |    and   |      0|  0|   2|           1|           1|
    |outStream_V_user_V_1_load_B          |    and   |      0|  0|   2|           1|           1|
    |sel_tmp100_fu_1652_p2                |    and   |      0|  0|   2|           1|           1|
    |sel_tmp101_fu_1657_p2                |    and   |      0|  0|   2|           1|           1|
    |sel_tmp102_fu_1663_p2                |    and   |      0|  0|   2|           1|           1|
    |sel_tmp103_fu_1669_p2                |    and   |      0|  0|   2|           1|           1|
    |sel_tmp104_fu_1674_p2                |    and   |      0|  0|   2|           1|           1|
    |sel_tmp105_fu_1679_p2                |    and   |      0|  0|   2|           1|           1|
    |sel_tmp106_fu_1683_p2                |    and   |      0|  0|   2|           1|           1|
    |sel_tmp107_fu_1688_p2                |    and   |      0|  0|   2|           1|           1|
    |sel_tmp108_fu_1693_p2                |    and   |      0|  0|   2|           1|           1|
    |sel_tmp109_fu_1698_p2                |    and   |      0|  0|   2|           1|           1|
    |sel_tmp110_fu_1704_p2                |    and   |      0|  0|   2|           1|           1|
    |sel_tmp111_fu_1710_p2                |    and   |      0|  0|   2|           1|           1|
    |sel_tmp112_fu_1716_p2                |    and   |      0|  0|   2|           1|           1|
    |sel_tmp113_fu_1721_p2                |    and   |      0|  0|   2|           1|           1|
    |sel_tmp114_fu_1727_p2                |    and   |      0|  0|   2|           1|           1|
    |sel_tmp115_fu_1733_p2                |    and   |      0|  0|   2|           1|           1|
    |sel_tmp116_fu_1738_p2                |    and   |      0|  0|   2|           1|           1|
    |sel_tmp117_fu_1743_p2                |    and   |      0|  0|   2|           1|           1|
    |sel_tmp118_fu_1748_p2                |    and   |      0|  0|   2|           1|           1|
    |sel_tmp119_fu_1753_p2                |    and   |      0|  0|   2|           1|           1|
    |sel_tmp11_fu_1275_p2                 |    and   |      0|  0|   2|           1|           1|
    |sel_tmp120_fu_1759_p2                |    and   |      0|  0|   2|           1|           1|
    |sel_tmp121_fu_1765_p2                |    and   |      0|  0|   2|           1|           1|
    |sel_tmp122_fu_1770_p2                |    and   |      0|  0|   2|           1|           1|
    |sel_tmp123_fu_1775_p2                |    and   |      0|  0|   2|           1|           1|
    |sel_tmp124_fu_1779_p2                |    and   |      0|  0|   2|           1|           1|
    |sel_tmp125_fu_1784_p2                |    and   |      0|  0|   2|           1|           1|
    |sel_tmp126_fu_1789_p2                |    and   |      0|  0|   2|           1|           1|
    |sel_tmp127_fu_1794_p2                |    and   |      0|  0|   2|           1|           1|
    |sel_tmp128_fu_1800_p2                |    and   |      0|  0|   2|           1|           1|
    |sel_tmp129_fu_1806_p2                |    and   |      0|  0|   2|           1|           1|
    |sel_tmp130_fu_1811_p2                |    and   |      0|  0|   2|           1|           1|
    |sel_tmp131_fu_1816_p2                |    and   |      0|  0|   2|           1|           1|
    |sel_tmp132_fu_1820_p2                |    and   |      0|  0|   2|           1|           1|
    |sel_tmp133_fu_1825_p2                |    and   |      0|  0|   2|           1|           1|
    |sel_tmp135_fu_1835_p2                |    and   |      0|  0|   2|           1|           1|
    |sel_tmp136_fu_1840_p2                |    and   |      0|  0|   2|           1|           1|
    |sel_tmp137_fu_1845_p2                |    and   |      0|  0|   2|           1|           1|
    |sel_tmp138_fu_1850_p2                |    and   |      0|  0|   2|           1|           1|
    |sel_tmp139_fu_1856_p2                |    and   |      0|  0|   2|           1|           1|
    |sel_tmp13_fu_1280_p2                 |    and   |      0|  0|   2|           1|           1|
    |sel_tmp140_fu_1861_p2                |    and   |      0|  0|   2|           1|           1|
    |sel_tmp141_fu_1867_p2                |    and   |      0|  0|   2|           1|           1|
    |sel_tmp142_fu_1873_p2                |    and   |      0|  0|   2|           1|           1|
    |sel_tmp143_fu_1878_p2                |    and   |      0|  0|   2|           1|           1|
    |sel_tmp144_fu_1884_p2                |    and   |      0|  0|   2|           1|           1|
    |sel_tmp145_fu_1890_p2                |    and   |      0|  0|   2|           1|           1|
    |sel_tmp146_fu_1896_p2                |    and   |      0|  0|   2|           1|           1|
    |sel_tmp147_fu_1901_p2                |    and   |      0|  0|   2|           1|           1|
    |sel_tmp148_fu_1907_p2                |    and   |      0|  0|   2|           1|           1|
    |sel_tmp149_fu_1913_p2                |    and   |      0|  0|   2|           1|           1|
    |sel_tmp14_fu_1284_p2                 |    and   |      0|  0|   2|           1|           1|
    |sel_tmp150_fu_1918_p2                |    and   |      0|  0|   2|           1|           1|
    |sel_tmp151_fu_1923_p2                |    and   |      0|  0|   2|           1|           1|
    |sel_tmp152_fu_1928_p2                |    and   |      0|  0|   2|           1|           1|
    |sel_tmp153_fu_1933_p2                |    and   |      0|  0|   2|           1|           1|
    |sel_tmp154_fu_1939_p2                |    and   |      0|  0|   2|           1|           1|
    |sel_tmp155_fu_1945_p2                |    and   |      0|  0|   2|           1|           1|
    |sel_tmp156_fu_1950_p2                |    and   |      0|  0|   2|           1|           1|
    |sel_tmp157_fu_1956_p2                |    and   |      0|  0|   2|           1|           1|
    |sel_tmp158_fu_1962_p2                |    and   |      0|  0|   2|           1|           1|
    |sel_tmp159_fu_1968_p2                |    and   |      0|  0|   2|           1|           1|
    |sel_tmp160_fu_1973_p2                |    and   |      0|  0|   2|           1|           1|
    |sel_tmp161_fu_1979_p2                |    and   |      0|  0|   2|           1|           1|
    |sel_tmp162_fu_1985_p2                |    and   |      0|  0|   2|           1|           1|
    |sel_tmp163_fu_1990_p2                |    and   |      0|  0|   2|           1|           1|
    |sel_tmp164_fu_1995_p2                |    and   |      0|  0|   2|           1|           1|
    |sel_tmp165_fu_2000_p2                |    and   |      0|  0|   2|           1|           1|
    |sel_tmp166_fu_2005_p2                |    and   |      0|  0|   2|           1|           1|
    |sel_tmp167_fu_2011_p2                |    and   |      0|  0|   2|           1|           1|
    |sel_tmp168_fu_2017_p2                |    and   |      0|  0|   2|           1|           1|
    |sel_tmp169_fu_2023_p2                |    and   |      0|  0|   2|           1|           1|
    |sel_tmp16_fu_942_p2                  |    and   |      0|  0|   2|           1|           1|
    |sel_tmp170_fu_2028_p2                |    and   |      0|  0|   2|           1|           1|
    |sel_tmp171_fu_2034_p2                |    and   |      0|  0|   2|           1|           1|
    |sel_tmp172_fu_2040_p2                |    and   |      0|  0|   2|           1|           1|
    |sel_tmp173_fu_2045_p2                |    and   |      0|  0|   2|           1|           1|
    |sel_tmp174_fu_2050_p2                |    and   |      0|  0|   2|           1|           1|
    |sel_tmp175_fu_2055_p2                |    and   |      0|  0|   2|           1|           1|
    |sel_tmp176_fu_2060_p2                |    and   |      0|  0|   2|           1|           1|
    |sel_tmp177_fu_2066_p2                |    and   |      0|  0|   2|           1|           1|
    |sel_tmp178_fu_2072_p2                |    and   |      0|  0|   2|           1|           1|
    |sel_tmp179_fu_2077_p2                |    and   |      0|  0|   2|           1|           1|
    |sel_tmp17_fu_1289_p2                 |    and   |      0|  0|   2|           1|           1|
    |sel_tmp181_fu_2092_p2                |    and   |      0|  0|   2|           1|           1|
    |sel_tmp182_fu_2097_p2                |    and   |      0|  0|   2|           1|           1|
    |sel_tmp183_fu_2102_p2                |    and   |      0|  0|   2|           1|           1|
    |sel_tmp184_fu_2107_p2                |    and   |      0|  0|   2|           1|           1|
    |sel_tmp185_fu_2113_p2                |    and   |      0|  0|   2|           1|           1|
    |sel_tmp186_fu_2119_p2                |    and   |      0|  0|   2|           1|           1|
    |sel_tmp187_fu_2124_p2                |    and   |      0|  0|   2|           1|           1|
    |sel_tmp188_fu_2130_p2                |    and   |      0|  0|   2|           1|           1|
    |sel_tmp189_fu_2136_p2                |    and   |      0|  0|   2|           1|           1|
    |sel_tmp18_fu_1293_p2                 |    and   |      0|  0|   2|           1|           1|
    |sel_tmp190_fu_2142_p2                |    and   |      0|  0|   2|           1|           1|
    |sel_tmp191_fu_2147_p2                |    and   |      0|  0|   2|           1|           1|
    |sel_tmp192_fu_2153_p2                |    and   |      0|  0|   2|           1|           1|
    |sel_tmp193_fu_2159_p2                |    and   |      0|  0|   2|           1|           1|
    |sel_tmp194_fu_2164_p2                |    and   |      0|  0|   2|           1|           1|
    |sel_tmp195_fu_2170_p2                |    and   |      0|  0|   2|           1|           1|
    |sel_tmp196_fu_2175_p2                |    and   |      0|  0|   2|           1|           1|
    |sel_tmp197_fu_2181_p2                |    and   |      0|  0|   2|           1|           1|
    |sel_tmp199_fu_2198_p2                |    and   |      0|  0|   2|           1|           1|
    |sel_tmp1_fu_859_p2                   |    and   |      0|  0|   2|           1|           1|
    |sel_tmp201_fu_2214_p2                |    and   |      0|  0|   2|           1|           1|
    |sel_tmp20_fu_953_p2                  |    and   |      0|  0|   2|           1|           1|
    |sel_tmp21_fu_958_p2                  |    and   |      0|  0|   2|           1|           1|
    |sel_tmp228_fu_3156_p2                |    and   |      0|  0|   2|           1|           1|
    |sel_tmp22_fu_1298_p2                 |    and   |      0|  0|   2|           1|           1|
    |sel_tmp23_fu_1302_p2                 |    and   |      0|  0|   2|           1|           1|
    |sel_tmp25_fu_974_p2                  |    and   |      0|  0|   2|           1|           1|
    |sel_tmp26_fu_1307_p2                 |    and   |      0|  0|   2|           1|           1|
    |sel_tmp27_fu_1311_p2                 |    and   |      0|  0|   2|           1|           1|
    |sel_tmp28_fu_1316_p2                 |    and   |      0|  0|   2|           1|           1|
    |sel_tmp2_fu_889_p2                   |    and   |      0|  0|   2|           1|           1|
    |sel_tmp30_fu_990_p2                  |    and   |      0|  0|   2|           1|           1|
    |sel_tmp31_fu_1321_p2                 |    and   |      0|  0|   2|           1|           1|
    |sel_tmp32_fu_1325_p2                 |    and   |      0|  0|   2|           1|           1|
    |sel_tmp33_fu_1330_p2                 |    and   |      0|  0|   2|           1|           1|
    |sel_tmp34_fu_1335_p2                 |    and   |      0|  0|   2|           1|           1|
    |sel_tmp35_fu_1341_p2                 |    and   |      0|  0|   2|           1|           1|
    |sel_tmp36_fu_1346_p2                 |    and   |      0|  0|   2|           1|           1|
    |sel_tmp37_fu_1352_p2                 |    and   |      0|  0|   2|           1|           1|
    |sel_tmp38_fu_1358_p2                 |    and   |      0|  0|   2|           1|           1|
    |sel_tmp39_fu_1362_p2                 |    and   |      0|  0|   2|           1|           1|
    |sel_tmp3_fu_864_p2                   |    and   |      0|  0|   2|           1|           1|
    |sel_tmp40_fu_1367_p2                 |    and   |      0|  0|   2|           1|           1|
    |sel_tmp41_fu_1373_p2                 |    and   |      0|  0|   2|           1|           1|
    |sel_tmp42_fu_1379_p2                 |    and   |      0|  0|   2|           1|           1|
    |sel_tmp43_fu_1384_p2                 |    and   |      0|  0|   2|           1|           1|
    |sel_tmp44_fu_1388_p2                 |    and   |      0|  0|   2|           1|           1|
    |sel_tmp45_fu_995_p2                  |    and   |      0|  0|   2|           1|           1|
    |sel_tmp46_fu_1393_p2                 |    and   |      0|  0|   2|           1|           1|
    |sel_tmp47_fu_1397_p2                 |    and   |      0|  0|   2|           1|           1|
    |sel_tmp48_fu_1402_p2                 |    and   |      0|  0|   2|           1|           1|
    |sel_tmp49_fu_1408_p2                 |    and   |      0|  0|   2|           1|           1|
    |sel_tmp50_fu_1414_p2                 |    and   |      0|  0|   2|           1|           1|
    |sel_tmp51_fu_1419_p2                 |    and   |      0|  0|   2|           1|           1|
    |sel_tmp52_fu_1424_p2                 |    and   |      0|  0|   2|           1|           1|
    |sel_tmp53_fu_1429_p2                 |    and   |      0|  0|   2|           1|           1|
    |sel_tmp54_fu_1433_p2                 |    and   |      0|  0|   2|           1|           1|
    |sel_tmp55_fu_1438_p2                 |    and   |      0|  0|   2|           1|           1|
    |sel_tmp56_fu_1001_p2                 |    and   |      0|  0|   2|           1|           1|
    |sel_tmp57_fu_1443_p2                 |    and   |      0|  0|   2|           1|           1|
    |sel_tmp58_fu_1447_p2                 |    and   |      0|  0|   2|           1|           1|
    |sel_tmp59_fu_1452_p2                 |    and   |      0|  0|   2|           1|           1|
    |sel_tmp60_fu_1457_p2                 |    and   |      0|  0|   2|           1|           1|
    |sel_tmp61_fu_1462_p2                 |    and   |      0|  0|   2|           1|           1|
    |sel_tmp62_fu_1468_p2                 |    and   |      0|  0|   2|           1|           1|
    |sel_tmp63_fu_1474_p2                 |    and   |      0|  0|   2|           1|           1|
    |sel_tmp64_fu_1479_p2                 |    and   |      0|  0|   2|           1|           1|
    |sel_tmp65_fu_1484_p2                 |    and   |      0|  0|   2|           1|           1|
    |sel_tmp66_fu_1488_p2                 |    and   |      0|  0|   2|           1|           1|
    |sel_tmp67_fu_1493_p2                 |    and   |      0|  0|   2|           1|           1|
    |sel_tmp68_fu_1007_p2                 |    and   |      0|  0|   2|           1|           1|
    |sel_tmp69_fu_1498_p2                 |    and   |      0|  0|   2|           1|           1|
    |sel_tmp6_fu_869_p2                   |    and   |      0|  0|   2|           1|           1|
    |sel_tmp70_fu_1502_p2                 |    and   |      0|  0|   2|           1|           1|
    |sel_tmp71_fu_1507_p2                 |    and   |      0|  0|   2|           1|           1|
    |sel_tmp73_fu_1025_p2                 |    and   |      0|  0|   2|           1|           1|
    |sel_tmp74_fu_1512_p2                 |    and   |      0|  0|   2|           1|           1|
    |sel_tmp75_fu_1516_p2                 |    and   |      0|  0|   2|           1|           1|
    |sel_tmp76_fu_1521_p2                 |    and   |      0|  0|   2|           1|           1|
    |sel_tmp77_fu_1526_p2                 |    and   |      0|  0|   2|           1|           1|
    |sel_tmp78_fu_1531_p2                 |    and   |      0|  0|   2|           1|           1|
    |sel_tmp79_fu_1537_p2                 |    and   |      0|  0|   2|           1|           1|
    |sel_tmp7_fu_879_p2                   |    and   |      0|  0|   2|           1|           1|
    |sel_tmp80_fu_1543_p2                 |    and   |      0|  0|   2|           1|           1|
    |sel_tmp81_fu_1548_p2                 |    and   |      0|  0|   2|           1|           1|
    |sel_tmp82_fu_1554_p2                 |    and   |      0|  0|   2|           1|           1|
    |sel_tmp83_fu_1560_p2                 |    and   |      0|  0|   2|           1|           1|
    |sel_tmp84_fu_1566_p2                 |    and   |      0|  0|   2|           1|           1|
    |sel_tmp85_fu_1571_p2                 |    and   |      0|  0|   2|           1|           1|
    |sel_tmp86_fu_1577_p2                 |    and   |      0|  0|   2|           1|           1|
    |sel_tmp87_fu_1583_p2                 |    and   |      0|  0|   2|           1|           1|
    |sel_tmp88_fu_1588_p2                 |    and   |      0|  0|   2|           1|           1|
    |sel_tmp89_fu_1592_p2                 |    and   |      0|  0|   2|           1|           1|
    |sel_tmp8_fu_1265_p2                  |    and   |      0|  0|   2|           1|           1|
    |sel_tmp90_fu_1597_p2                 |    and   |      0|  0|   2|           1|           1|
    |sel_tmp91_fu_1602_p2                 |    and   |      0|  0|   2|           1|           1|
    |sel_tmp92_fu_1608_p2                 |    and   |      0|  0|   2|           1|           1|
    |sel_tmp93_fu_1614_p2                 |    and   |      0|  0|   2|           1|           1|
    |sel_tmp94_fu_1620_p2                 |    and   |      0|  0|   2|           1|           1|
    |sel_tmp95_fu_1625_p2                 |    and   |      0|  0|   2|           1|           1|
    |sel_tmp96_fu_1631_p2                 |    and   |      0|  0|   2|           1|           1|
    |sel_tmp97_fu_1637_p2                 |    and   |      0|  0|   2|           1|           1|
    |sel_tmp98_fu_1642_p2                 |    and   |      0|  0|   2|           1|           1|
    |sel_tmp99_fu_1647_p2                 |    and   |      0|  0|   2|           1|           1|
    |sel_tmp9_fu_874_p2                   |    and   |      0|  0|   2|           1|           1|
    |sel_tmp_fu_884_p2                    |    and   |      0|  0|   2|           1|           1|
    |tmp100_fu_2861_p2                    |    and   |      0|  0|   2|           1|           1|
    |tmp103_fu_2885_p2                    |    and   |      0|  0|   2|           1|           1|
    |tmp106_fu_2909_p2                    |    and   |      0|  0|   2|           1|           1|
    |tmp10_fu_2270_p2                     |    and   |      0|  0|   2|           1|           1|
    |tmp111_fu_2939_p2                    |    and   |      0|  0|   2|           1|           1|
    |tmp114_fu_2963_p2                    |    and   |      0|  0|   2|           1|           1|
    |tmp118_fu_2992_p2                    |    and   |      0|  0|   2|           1|           1|
    |tmp119_fu_2998_p2                    |    and   |      0|  0|   2|           1|           1|
    |tmp126_fu_3150_p2                    |    and   |      0|  0|   2|           1|           1|
    |tmp12_fu_2281_p2                     |    and   |      0|  0|   2|           1|           1|
    |tmp15_fu_2305_p2                     |    and   |      0|  0|   2|           1|           1|
    |tmp20_fu_2340_p2                     |    and   |      0|  0|   2|           1|           1|
    |tmp23_fu_2363_p2                     |    and   |      0|  0|   2|           1|           1|
    |tmp28_fu_2404_p2                     |    and   |      0|  0|   2|           1|           1|
    |tmp30_fu_2415_p2                     |    and   |      0|  0|   2|           1|           1|
    |tmp46_fu_2517_p2                     |    and   |      0|  0|   2|           1|           1|
    |tmp57_fu_2588_p2                     |    and   |      0|  0|   2|           1|           1|
    |tmp61_fu_2623_p2                     |    and   |      0|  0|   2|           1|           1|
    |tmp67_fu_2652_p2                     |    and   |      0|  0|   2|           1|           1|
    |tmp69_fu_2670_p2                     |    and   |      0|  0|   2|           1|           1|
    |tmp7_fu_2241_p2                      |    and   |      0|  0|   2|           1|           1|
    |tmp80_fu_2736_p2                     |    and   |      0|  0|   2|           1|           1|
    |tmp96_fu_2826_p2                     |    and   |      0|  0|   2|           1|           1|
    |exitcond1_fu_652_p2                  |   icmp   |      0|  0|  18|          20|          18|
    |icmp1_fu_582_p2                      |   icmp   |      0|  0|  11|           6|           1|
    |icmp2_fu_598_p2                      |   icmp   |      0|  0|  11|           5|           1|
    |icmp3_fu_614_p2                      |   icmp   |      0|  0|   9|           4|           1|
    |icmp4_fu_630_p2                      |   icmp   |      0|  0|   9|           3|           1|
    |icmp5_fu_646_p2                      |   icmp   |      0|  0|   8|           2|           1|
    |icmp_fu_566_p2                       |   icmp   |      0|  0|  11|           7|           1|
    |inStream_V_data_V_0_state_cmp_full   |   icmp   |      0|  0|   8|           2|           1|
    |inStream_V_dest_V_0_state_cmp_full   |   icmp   |      0|  0|   8|           2|           1|
    |inStream_V_id_V_0_state_cmp_full     |   icmp   |      0|  0|   8|           2|           1|
    |inStream_V_keep_V_0_state_cmp_full   |   icmp   |      0|  0|   8|           2|           1|
    |inStream_V_last_V_0_state_cmp_full   |   icmp   |      0|  0|   8|           2|           1|
    |inStream_V_strb_V_0_state_cmp_full   |   icmp   |      0|  0|   8|           2|           1|
    |inStream_V_user_V_0_state_cmp_full   |   icmp   |      0|  0|   8|           2|           1|
    |outStream_V_data_V_1_state_cmp_full  |   icmp   |      0|  0|   8|           2|           1|
    |outStream_V_dest_V_1_state_cmp_full  |   icmp   |      0|  0|   8|           2|           1|
    |outStream_V_id_V_1_state_cmp_full    |   icmp   |      0|  0|   8|           2|           1|
    |outStream_V_keep_V_1_state_cmp_full  |   icmp   |      0|  0|   8|           2|           1|
    |outStream_V_last_V_1_state_cmp_full  |   icmp   |      0|  0|   8|           2|           1|
    |outStream_V_strb_V_1_state_cmp_full  |   icmp   |      0|  0|   8|           2|           1|
    |outStream_V_user_V_1_state_cmp_full  |   icmp   |      0|  0|   8|           2|           1|
    |tmp_10_fu_836_p2                     |   icmp   |      0|  0|  18|          32|          32|
    |tmp_12_fu_845_p2                     |   icmp   |      0|  0|  18|          32|          32|
    |tmp_14_fu_854_p2                     |   icmp   |      0|  0|  18|          32|          32|
    |tmp_16_fu_714_p2                     |   icmp   |      0|  0|  18|          32|          32|
    |tmp_17_fu_719_p2                     |   icmp   |      0|  0|  18|          32|          32|
    |tmp_1_fu_692_p2                      |   icmp   |      0|  0|   8|           2|           1|
    |tmp_20_fu_724_p2                     |   icmp   |      0|  0|  18|          24|          23|
    |tmp_21_fu_734_p2                     |   icmp   |      0|  0|  11|           8|           7|
    |tmp_22_fu_750_p2                     |   icmp   |      0|  0|  11|           8|           7|
    |tmp_3_fu_800_p2                      |   icmp   |      0|  0|  18|          32|          32|
    |tmp_5_fu_809_p2                      |   icmp   |      0|  0|  18|          32|          32|
    |tmp_7_fu_818_p2                      |   icmp   |      0|  0|  18|          32|          32|
    |tmp_9_fu_827_p2                      |   icmp   |      0|  0|  18|          32|          32|
    |ap_block_pp0_stage0_11001            |    or    |      0|  0|   2|           1|           1|
    |ap_block_state7                      |    or    |      0|  0|   2|           1|           1|
    |or_cond_fu_3092_p2                   |    or    |      0|  0|   2|           1|           1|
    |sel_tmp1004_demorgan_fu_2082_p2      |    or    |      0|  0|   2|           1|           1|
    |sel_tmp1257_demorgan_fu_2187_p2      |    or    |      0|  0|   2|           1|           1|
    |sel_tmp1349_demorgan_fu_2203_p2      |    or    |      0|  0|   2|           1|           1|
    |sel_tmp1364_demorgan_fu_2219_p2      |    or    |      0|  0|   2|           1|           1|
    |sel_tmp203_fu_2235_p2                |    or    |      0|  0|   2|           1|           1|
    |sel_tmp204_fu_2252_p2                |    or    |      0|  0|   2|           1|           1|
    |sel_tmp205_fu_2258_p2                |    or    |      0|  0|   2|           1|           1|
    |sel_tmp206_fu_2299_p2                |    or    |      0|  0|   2|           1|           1|
    |sel_tmp207_fu_2334_p2                |    or    |      0|  0|   2|           1|           1|
    |sel_tmp208_fu_2357_p2                |    or    |      0|  0|   2|           1|           1|
    |sel_tmp209_fu_2386_p2                |    or    |      0|  0|   2|           1|           1|
    |sel_tmp210_fu_2392_p2                |    or    |      0|  0|   2|           1|           1|
    |sel_tmp211_fu_2511_p2                |    or    |      0|  0|   2|           1|           1|
    |sel_tmp212_fu_2582_p2                |    or    |      0|  0|   2|           1|           1|
    |sel_tmp213_fu_2605_p2                |    or    |      0|  0|   2|           1|           1|
    |sel_tmp214_fu_2611_p2                |    or    |      0|  0|   2|           1|           1|
    |sel_tmp215_fu_2634_p2                |    or    |      0|  0|   2|           1|           1|
    |sel_tmp216_fu_2640_p2                |    or    |      0|  0|   2|           1|           1|
    |sel_tmp217_fu_2664_p2                |    or    |      0|  0|   2|           1|           1|
    |sel_tmp218_fu_2730_p2                |    or    |      0|  0|   2|           1|           1|
    |sel_tmp219_fu_2820_p2                |    or    |      0|  0|   2|           1|           1|
    |sel_tmp220_fu_2843_p2                |    or    |      0|  0|   2|           1|           1|
    |sel_tmp221_fu_2849_p2                |    or    |      0|  0|   2|           1|           1|
    |sel_tmp222_fu_2879_p2                |    or    |      0|  0|   2|           1|           1|
    |sel_tmp223_fu_2903_p2                |    or    |      0|  0|   2|           1|           1|
    |sel_tmp224_fu_2957_p2                |    or    |      0|  0|   2|           1|           1|
    |sel_tmp225_fu_2974_p2                |    or    |      0|  0|   2|           1|           1|
    |sel_tmp226_fu_2980_p2                |    or    |      0|  0|   2|           1|           1|
    |sel_tmp227_fu_3144_p2                |    or    |      0|  0|   2|           1|           1|
    |sel_tmp267_demorgan_fu_1013_p2       |    or    |      0|  0|   2|           1|           1|
    |sel_tmp32_demorgan_fu_963_p2         |    or    |      0|  0|   2|           1|           1|
    |sel_tmp38_demorgan_fu_979_p2         |    or    |      0|  0|   2|           1|           1|
    |sel_tmp4_fu_924_p2                   |    or    |      0|  0|   2|           1|           1|
    |sel_tmp618_demorgan_fu_1030_p2       |    or    |      0|  0|   2|           1|           1|
    |tmp101_fu_2867_p2                    |    or    |      0|  0|   2|           1|           1|
    |tmp102_fu_2873_p2                    |    or    |      0|  0|   2|           1|           1|
    |tmp104_fu_2891_p2                    |    or    |      0|  0|   2|           1|           1|
    |tmp105_fu_2897_p2                    |    or    |      0|  0|   2|           1|           1|
    |tmp107_fu_2915_p2                    |    or    |      0|  0|   2|           1|           1|
    |tmp108_fu_2921_p2                    |    or    |      0|  0|   2|           1|           1|
    |tmp109_fu_2927_p2                    |    or    |      0|  0|   2|           1|           1|
    |tmp110_fu_2933_p2                    |    or    |      0|  0|   2|           1|           1|
    |tmp112_fu_2945_p2                    |    or    |      0|  0|   2|           1|           1|
    |tmp113_fu_2951_p2                    |    or    |      0|  0|   2|           1|           1|
    |tmp115_fu_2968_p2                    |    or    |      0|  0|   2|           1|           1|
    |tmp116_fu_3124_p2                    |    or    |      0|  0|   2|           1|           1|
    |tmp117_fu_2986_p2                    |    or    |      0|  0|   2|           1|           1|
    |tmp11_fu_2275_p2                     |    or    |      0|  0|   2|           1|           1|
    |tmp120_fu_3004_p2                    |    or    |      0|  0|   2|           1|           1|
    |tmp121_fu_3010_p2                    |    or    |      0|  0|   2|           1|           1|
    |tmp122_fu_3016_p2                    |    or    |      0|  0|   2|           1|           1|
    |tmp123_fu_3128_p2                    |    or    |      0|  0|   2|           1|           1|
    |tmp124_fu_3133_p2                    |    or    |      0|  0|   2|           1|           1|
    |tmp125_fu_3138_p2                    |    or    |      0|  0|   2|           1|           1|
    |tmp13_fu_2287_p2                     |    or    |      0|  0|   2|           1|           1|
    |tmp14_fu_2293_p2                     |    or    |      0|  0|   2|           1|           1|
    |tmp16_fu_2310_p2                     |    or    |      0|  0|   2|           1|           1|
    |tmp17_fu_2316_p2                     |    or    |      0|  0|   2|           1|           1|
    |tmp18_fu_2322_p2                     |    or    |      0|  0|   2|           1|           1|
    |tmp19_fu_2328_p2                     |    or    |      0|  0|   2|           1|           1|
    |tmp1_fu_894_p2                       |    or    |      0|  0|   2|           1|           1|
    |tmp21_fu_2345_p2                     |    or    |      0|  0|   2|           1|           1|
    |tmp22_fu_2351_p2                     |    or    |      0|  0|   2|           1|           1|
    |tmp24_fu_2368_p2                     |    or    |      0|  0|   2|           1|           1|
    |tmp25_fu_2374_p2                     |    or    |      0|  0|   2|           1|           1|
    |tmp26_fu_2380_p2                     |    or    |      0|  0|   2|           1|           1|
    |tmp27_fu_2398_p2                     |    or    |      0|  0|   2|           1|           1|
    |tmp29_fu_2409_p2                     |    or    |      0|  0|   2|           1|           1|
    |tmp2_fu_900_p2                       |    or    |      0|  0|   2|           1|           1|
    |tmp31_fu_2421_p2                     |    or    |      0|  0|   2|           1|           1|
    |tmp32_fu_2427_p2                     |    or    |      0|  0|   2|           1|           1|
    |tmp33_fu_2433_p2                     |    or    |      0|  0|   2|           1|           1|
    |tmp34_fu_2439_p2                     |    or    |      0|  0|   2|           1|           1|
    |tmp35_fu_2445_p2                     |    or    |      0|  0|   2|           1|           1|
    |tmp36_fu_2451_p2                     |    or    |      0|  0|   2|           1|           1|
    |tmp37_fu_2457_p2                     |    or    |      0|  0|   2|           1|           1|
    |tmp38_fu_2463_p2                     |    or    |      0|  0|   2|           1|           1|
    |tmp39_fu_2469_p2                     |    or    |      0|  0|   2|           1|           1|
    |tmp3_fu_906_p2                       |    or    |      0|  0|   2|           1|           1|
    |tmp40_fu_2475_p2                     |    or    |      0|  0|   2|           1|           1|
    |tmp41_fu_2481_p2                     |    or    |      0|  0|   2|           1|           1|
    |tmp42_fu_2487_p2                     |    or    |      0|  0|   2|           1|           1|
    |tmp43_fu_2493_p2                     |    or    |      0|  0|   2|           1|           1|
    |tmp44_fu_2499_p2                     |    or    |      0|  0|   2|           1|           1|
    |tmp45_fu_2505_p2                     |    or    |      0|  0|   2|           1|           1|
    |tmp47_fu_2522_p2                     |    or    |      0|  0|   2|           1|           1|
    |tmp48_fu_2528_p2                     |    or    |      0|  0|   2|           1|           1|
    |tmp49_fu_2534_p2                     |    or    |      0|  0|   2|           1|           1|
    |tmp4_fu_912_p2                       |    or    |      0|  0|   2|           1|           1|
    |tmp50_fu_2540_p2                     |    or    |      0|  0|   2|           1|           1|
    |tmp51_fu_2546_p2                     |    or    |      0|  0|   2|           1|           1|
    |tmp52_fu_2552_p2                     |    or    |      0|  0|   2|           1|           1|
    |tmp53_fu_2558_p2                     |    or    |      0|  0|   2|           1|           1|
    |tmp54_fu_2564_p2                     |    or    |      0|  0|   2|           1|           1|
    |tmp55_fu_2570_p2                     |    or    |      0|  0|   2|           1|           1|
    |tmp56_fu_2576_p2                     |    or    |      0|  0|   2|           1|           1|
    |tmp58_fu_2593_p2                     |    or    |      0|  0|   2|           1|           1|
    |tmp59_fu_2599_p2                     |    or    |      0|  0|   2|           1|           1|
    |tmp5_fu_918_p2                       |    or    |      0|  0|   2|           1|           1|
    |tmp60_fu_2617_p2                     |    or    |      0|  0|   2|           1|           1|
    |tmp62_fu_2628_p2                     |    or    |      0|  0|   2|           1|           1|
    |tmp63_fu_3096_p2                     |    or    |      0|  0|   2|           1|           1|
    |tmp64_fu_3100_p2                     |    or    |      0|  0|   2|           1|           1|
    |tmp65_fu_3105_p2                     |    or    |      0|  0|   2|           1|           1|
    |tmp66_fu_2646_p2                     |    or    |      0|  0|   2|           1|           1|
    |tmp68_fu_2658_p2                     |    or    |      0|  0|   2|           1|           1|
    |tmp6_fu_2230_p2                      |    or    |      0|  0|   2|           1|           1|
    |tmp70_fu_2676_p2                     |    or    |      0|  0|   2|           1|           1|
    |tmp71_fu_2682_p2                     |    or    |      0|  0|   2|           1|           1|
    |tmp72_fu_2688_p2                     |    or    |      0|  0|   2|           1|           1|
    |tmp73_fu_2694_p2                     |    or    |      0|  0|   2|           1|           1|
    |tmp74_fu_2700_p2                     |    or    |      0|  0|   2|           1|           1|
    |tmp75_fu_2706_p2                     |    or    |      0|  0|   2|           1|           1|
    |tmp76_fu_2712_p2                     |    or    |      0|  0|   2|           1|           1|
    |tmp77_fu_2718_p2                     |    or    |      0|  0|   2|           1|           1|
    |tmp78_fu_2724_p2                     |    or    |      0|  0|   2|           1|           1|
    |tmp79_fu_3110_p2                     |    or    |      0|  0|   2|           1|           1|
    |tmp81_fu_2742_p2                     |    or    |      0|  0|   2|           1|           1|
    |tmp82_fu_2748_p2                     |    or    |      0|  0|   2|           1|           1|
    |tmp83_fu_2754_p2                     |    or    |      0|  0|   2|           1|           1|
    |tmp84_fu_2760_p2                     |    or    |      0|  0|   2|           1|           1|
    |tmp85_fu_2766_p2                     |    or    |      0|  0|   2|           1|           1|
    |tmp86_fu_2772_p2                     |    or    |      0|  0|   2|           1|           1|
    |tmp87_fu_2778_p2                     |    or    |      0|  0|   2|           1|           1|
    |tmp88_fu_2784_p2                     |    or    |      0|  0|   2|           1|           1|
    |tmp89_fu_2790_p2                     |    or    |      0|  0|   2|           1|           1|
    |tmp8_fu_2246_p2                      |    or    |      0|  0|   2|           1|           1|
    |tmp90_fu_2796_p2                     |    or    |      0|  0|   2|           1|           1|
    |tmp91_fu_2802_p2                     |    or    |      0|  0|   2|           1|           1|
    |tmp92_fu_2808_p2                     |    or    |      0|  0|   2|           1|           1|
    |tmp93_fu_2814_p2                     |    or    |      0|  0|   2|           1|           1|
    |tmp94_fu_3114_p2                     |    or    |      0|  0|   2|           1|           1|
    |tmp95_fu_3118_p2                     |    or    |      0|  0|   2|           1|           1|
    |tmp97_fu_2831_p2                     |    or    |      0|  0|   2|           1|           1|
    |tmp98_fu_2837_p2                     |    or    |      0|  0|   2|           1|           1|
    |tmp99_fu_2855_p2                     |    or    |      0|  0|   2|           1|           1|
    |tmp9_fu_2264_p2                      |    or    |      0|  0|   2|           1|           1|
    |tmp_27_fu_3161_p2                    |    or    |      0|  0|   2|           1|           1|
    |tmp_28_fu_756_p2                     |    or    |      0|  0|   2|           1|           1|
    |tmp_29_fu_762_p2                     |    or    |      0|  0|   2|           1|           1|
    |columnCnt_2_fu_788_p3                |  select  |      0|  0|  32|           1|           1|
    |i_op_assign_1_fu_698_p3              |  select  |      0|  0|  32|           1|           1|
    |i_op_assign_fu_706_p3                |  select  |      0|  0|  32|           1|           1|
    |rowCnt_2_fu_780_p3                   |  select  |      0|  0|  32|           1|          32|
    |tmp_data_V_fu_3166_p3                |  select  |      0|  0|  24|           1|          16|
    |ap_enable_pp0                        |    xor   |      0|  0|   2|           1|           2|
    |ap_enable_reg_pp0_iter1              |    xor   |      0|  0|   2|           2|           1|
    |rev1_fu_500_p2                       |    xor   |      0|  0|   2|           1|           2|
    |rev2_fu_514_p2                       |    xor   |      0|  0|   2|           1|           2|
    |rev3_fu_528_p2                       |    xor   |      0|  0|   2|           1|           2|
    |rev9_fu_472_p2                       |    xor   |      0|  0|   2|           1|           2|
    |rev_fu_486_p2                        |    xor   |      0|  0|   2|           1|           2|
    |sel_tmp10_fu_1270_p2                 |    xor   |      0|  0|   2|           1|           2|
    |sel_tmp12_fu_930_p2                  |    xor   |      0|  0|   2|           1|           2|
    |sel_tmp134_fu_1830_p2                |    xor   |      0|  0|   2|           1|           2|
    |sel_tmp15_fu_936_p2                  |    xor   |      0|  0|   2|           1|           2|
    |sel_tmp180_fu_2086_p2                |    xor   |      0|  0|   2|           1|           2|
    |sel_tmp198_fu_2192_p2                |    xor   |      0|  0|   2|           1|           2|
    |sel_tmp19_fu_947_p2                  |    xor   |      0|  0|   2|           1|           2|
    |sel_tmp200_fu_2208_p2                |    xor   |      0|  0|   2|           1|           2|
    |sel_tmp202_fu_2224_p2                |    xor   |      0|  0|   2|           1|           2|
    |sel_tmp24_fu_968_p2                  |    xor   |      0|  0|   2|           1|           2|
    |sel_tmp29_fu_984_p2                  |    xor   |      0|  0|   2|           1|           2|
    |sel_tmp5_fu_1260_p2                  |    xor   |      0|  0|   2|           1|           2|
    |sel_tmp72_fu_1019_p2                 |    xor   |      0|  0|   2|           1|           2|
    +-------------------------------------+----------+-------+---+----+------------+------------+
    |Total                                |          |      0|  0|1526|         919|         877|
    +-------------------------------------+----------+-------+---+----+------------+------------+

    * Multiplexer: 
    +-------------------------------+----+-----------+-----+-----------+
    |              Name             | LUT| Input Size| Bits| Total Bits|
    +-------------------------------+----+-----------+-----+-----------+
    |ap_NS_fsm                      |  21|          4|    1|          4|
    |ap_enable_reg_pp0_iter1        |   9|          2|    1|          2|
    |ap_enable_reg_pp0_iter4        |   9|          2|    1|          2|
    |columnCnt_reg_426              |   9|          2|   32|         64|
    |detections2_0                  |   9|          2|    1|          2|
    |detections2_1                  |   9|          2|    1|          2|
    |detections2_2                  |   9|          2|    1|          2|
    |detections2_3                  |   9|          2|    1|          2|
    |detections2_4                  |   9|          2|    1|          2|
    |detections2_5                  |   9|          2|    1|          2|
    |detections2_6                  |   9|          2|    1|          2|
    |detections_0                   |   9|          2|    1|          2|
    |detections_1                   |   9|          2|    1|          2|
    |detections_2                   |   9|          2|    1|          2|
    |detections_3                   |   9|          2|    1|          2|
    |detections_4                   |   9|          2|    1|          2|
    |detections_5                   |   9|          2|    1|          2|
    |detections_6                   |   9|          2|    1|          2|
    |i_reg_437                      |   9|          2|   20|         40|
    |inStream_TDATA_blk_n           |   9|          2|    1|          2|
    |inStream_V_data_V_0_data_out   |   9|          2|   24|         48|
    |inStream_V_data_V_0_state      |  15|          3|    2|          6|
    |inStream_V_dest_V_0_data_out   |   9|          2|    6|         12|
    |inStream_V_dest_V_0_state      |  15|          3|    2|          6|
    |inStream_V_id_V_0_data_out     |   9|          2|    5|         10|
    |inStream_V_id_V_0_state        |  15|          3|    2|          6|
    |inStream_V_keep_V_0_data_out   |   9|          2|    3|          6|
    |inStream_V_keep_V_0_state      |  15|          3|    2|          6|
    |inStream_V_last_V_0_data_out   |   9|          2|    1|          2|
    |inStream_V_last_V_0_state      |  15|          3|    2|          6|
    |inStream_V_strb_V_0_data_out   |   9|          2|    3|          6|
    |inStream_V_strb_V_0_state      |  15|          3|    2|          6|
    |inStream_V_user_V_0_data_out   |   9|          2|    2|          4|
    |inStream_V_user_V_0_state      |  15|          3|    2|          6|
    |outStream_TDATA_blk_n          |   9|          2|    1|          2|
    |outStream_V_data_V_1_data_out  |   9|          2|   24|         48|
    |outStream_V_data_V_1_state     |  15|          3|    2|          6|
    |outStream_V_dest_V_1_data_out  |   9|          2|    6|         12|
    |outStream_V_dest_V_1_state     |  15|          3|    2|          6|
    |outStream_V_id_V_1_data_out    |   9|          2|    5|         10|
    |outStream_V_id_V_1_state       |  15|          3|    2|          6|
    |outStream_V_keep_V_1_data_out  |   9|          2|    3|          6|
    |outStream_V_keep_V_1_state     |  15|          3|    2|          6|
    |outStream_V_last_V_1_data_out  |   9|          2|    1|          2|
    |outStream_V_last_V_1_state     |  15|          3|    2|          6|
    |outStream_V_strb_V_1_data_out  |   9|          2|    3|          6|
    |outStream_V_strb_V_1_state     |  15|          3|    2|          6|
    |outStream_V_user_V_1_data_out  |   9|          2|    2|          4|
    |outStream_V_user_V_1_state     |  15|          3|    2|          6|
    |rowCnt_reg_415                 |   9|          2|   32|         64|
    +-------------------------------+----+-----------+-----+-----------+
    |Total                          | 546|        116|  219|        468|
    +-------------------------------+----+-----------+-----+-----------+

    * Register: 
    +---------------------------------+----+----+-----+-----------+
    |               Name              | FF | LUT| Bits| Const Bits|
    +---------------------------------+----+----+-----+-----------+
    |ap_CS_fsm                        |   3|   0|    3|          0|
    |ap_enable_reg_pp0_iter0          |   1|   0|    1|          0|
    |ap_enable_reg_pp0_iter1          |   1|   0|    1|          0|
    |ap_enable_reg_pp0_iter2          |   1|   0|    1|          0|
    |ap_enable_reg_pp0_iter3          |   1|   0|    1|          0|
    |ap_enable_reg_pp0_iter4          |   1|   0|    1|          0|
    |columnCnt_reg_426                |  32|   0|   32|          0|
    |detections2_0                    |   1|   0|    1|          0|
    |detections2_1                    |   1|   0|    1|          0|
    |detections2_2                    |   1|   0|    1|          0|
    |detections2_3                    |   1|   0|    1|          0|
    |detections2_4                    |   1|   0|    1|          0|
    |detections2_5                    |   1|   0|    1|          0|
    |detections2_6                    |   1|   0|    1|          0|
    |detections_0                     |   1|   0|    1|          0|
    |detections_1                     |   1|   0|    1|          0|
    |detections_2                     |   1|   0|    1|          0|
    |detections_3                     |   1|   0|    1|          0|
    |detections_4                     |   1|   0|    1|          0|
    |detections_5                     |   1|   0|    1|          0|
    |detections_6                     |   1|   0|    1|          0|
    |exitcond1_reg_3378               |   1|   0|    1|          0|
    |i_op_assign_reg_3422             |  32|   0|   32|          0|
    |i_reg_437                        |  20|   0|   20|          0|
    |icmp1_reg_3353                   |   1|   0|    1|          0|
    |icmp2_reg_3358                   |   1|   0|    1|          0|
    |icmp3_reg_3363                   |   1|   0|    1|          0|
    |icmp4_reg_3368                   |   1|   0|    1|          0|
    |icmp5_reg_3373                   |   1|   0|    1|          0|
    |icmp_reg_3348                    |   1|   0|    1|          0|
    |inStream_V_data_V_0_payload_A    |  24|   0|   24|          0|
    |inStream_V_data_V_0_payload_B    |  24|   0|   24|          0|
    |inStream_V_data_V_0_sel_rd       |   1|   0|    1|          0|
    |inStream_V_data_V_0_sel_wr       |   1|   0|    1|          0|
    |inStream_V_data_V_0_state        |   2|   0|    2|          0|
    |inStream_V_dest_V_0_payload_A    |   6|   0|    6|          0|
    |inStream_V_dest_V_0_payload_B    |   6|   0|    6|          0|
    |inStream_V_dest_V_0_sel_rd       |   1|   0|    1|          0|
    |inStream_V_dest_V_0_sel_wr       |   1|   0|    1|          0|
    |inStream_V_dest_V_0_state        |   2|   0|    2|          0|
    |inStream_V_id_V_0_payload_A      |   5|   0|    5|          0|
    |inStream_V_id_V_0_payload_B      |   5|   0|    5|          0|
    |inStream_V_id_V_0_sel_rd         |   1|   0|    1|          0|
    |inStream_V_id_V_0_sel_wr         |   1|   0|    1|          0|
    |inStream_V_id_V_0_state          |   2|   0|    2|          0|
    |inStream_V_keep_V_0_payload_A    |   3|   0|    3|          0|
    |inStream_V_keep_V_0_payload_B    |   3|   0|    3|          0|
    |inStream_V_keep_V_0_sel_rd       |   1|   0|    1|          0|
    |inStream_V_keep_V_0_sel_wr       |   1|   0|    1|          0|
    |inStream_V_keep_V_0_state        |   2|   0|    2|          0|
    |inStream_V_last_V_0_payload_A    |   1|   0|    1|          0|
    |inStream_V_last_V_0_payload_B    |   1|   0|    1|          0|
    |inStream_V_last_V_0_sel_rd       |   1|   0|    1|          0|
    |inStream_V_last_V_0_sel_wr       |   1|   0|    1|          0|
    |inStream_V_last_V_0_state        |   2|   0|    2|          0|
    |inStream_V_strb_V_0_payload_A    |   3|   0|    3|          0|
    |inStream_V_strb_V_0_payload_B    |   3|   0|    3|          0|
    |inStream_V_strb_V_0_sel_rd       |   1|   0|    1|          0|
    |inStream_V_strb_V_0_sel_wr       |   1|   0|    1|          0|
    |inStream_V_strb_V_0_state        |   2|   0|    2|          0|
    |inStream_V_user_V_0_payload_A    |   2|   0|    2|          0|
    |inStream_V_user_V_0_payload_B    |   2|   0|    2|          0|
    |inStream_V_user_V_0_sel_rd       |   1|   0|    1|          0|
    |inStream_V_user_V_0_sel_wr       |   1|   0|    1|          0|
    |inStream_V_user_V_0_state        |   2|   0|    2|          0|
    |outStream_V_data_V_1_payload_A   |  24|   0|   24|          0|
    |outStream_V_data_V_1_payload_B   |  24|   0|   24|          0|
    |outStream_V_data_V_1_sel_rd      |   1|   0|    1|          0|
    |outStream_V_data_V_1_sel_wr      |   1|   0|    1|          0|
    |outStream_V_data_V_1_state       |   2|   0|    2|          0|
    |outStream_V_dest_V_1_payload_A   |   6|   0|    6|          0|
    |outStream_V_dest_V_1_payload_B   |   6|   0|    6|          0|
    |outStream_V_dest_V_1_sel_rd      |   1|   0|    1|          0|
    |outStream_V_dest_V_1_sel_wr      |   1|   0|    1|          0|
    |outStream_V_dest_V_1_state       |   2|   0|    2|          0|
    |outStream_V_id_V_1_payload_A     |   5|   0|    5|          0|
    |outStream_V_id_V_1_payload_B     |   5|   0|    5|          0|
    |outStream_V_id_V_1_sel_rd        |   1|   0|    1|          0|
    |outStream_V_id_V_1_sel_wr        |   1|   0|    1|          0|
    |outStream_V_id_V_1_state         |   2|   0|    2|          0|
    |outStream_V_keep_V_1_payload_A   |   3|   0|    3|          0|
    |outStream_V_keep_V_1_payload_B   |   3|   0|    3|          0|
    |outStream_V_keep_V_1_sel_rd      |   1|   0|    1|          0|
    |outStream_V_keep_V_1_sel_wr      |   1|   0|    1|          0|
    |outStream_V_keep_V_1_state       |   2|   0|    2|          0|
    |outStream_V_last_V_1_payload_A   |   1|   0|    1|          0|
    |outStream_V_last_V_1_payload_B   |   1|   0|    1|          0|
    |outStream_V_last_V_1_sel_rd      |   1|   0|    1|          0|
    |outStream_V_last_V_1_sel_wr      |   1|   0|    1|          0|
    |outStream_V_last_V_1_state       |   2|   0|    2|          0|
    |outStream_V_strb_V_1_payload_A   |   3|   0|    3|          0|
    |outStream_V_strb_V_1_payload_B   |   3|   0|    3|          0|
    |outStream_V_strb_V_1_sel_rd      |   1|   0|    1|          0|
    |outStream_V_strb_V_1_sel_wr      |   1|   0|    1|          0|
    |outStream_V_strb_V_1_state       |   2|   0|    2|          0|
    |outStream_V_user_V_1_payload_A   |   2|   0|    2|          0|
    |outStream_V_user_V_1_payload_B   |   2|   0|    2|          0|
    |outStream_V_user_V_1_sel_rd      |   1|   0|    1|          0|
    |outStream_V_user_V_1_sel_wr      |   1|   0|    1|          0|
    |outStream_V_user_V_1_state       |   2|   0|    2|          0|
    |ret_V_cast_reg_3343              |  32|   0|   32|          0|
    |rev1_reg_3219                    |   1|   0|    1|          0|
    |rev2_reg_3243                    |   1|   0|    1|          0|
    |rev3_reg_3283                    |   1|   0|    1|          0|
    |rev9_reg_3191                    |   1|   0|    1|          0|
    |rev_reg_3203                     |   1|   0|    1|          0|
    |rowCnt_reg_415                   |  32|   0|   32|          0|
    |sel_tmp12_reg_3512               |   1|   0|    1|          0|
    |sel_tmp15_reg_3531               |   1|   0|    1|          0|
    |sel_tmp16_reg_3540               |   1|   0|    1|          0|
    |sel_tmp21_reg_3546               |   1|   0|    1|          0|
    |sel_tmp25_reg_3552               |   1|   0|    1|          0|
    |sel_tmp30_reg_3558               |   1|   0|    1|          0|
    |sel_tmp45_reg_3564               |   1|   0|    1|          0|
    |sel_tmp4_reg_3507                |   1|   0|    1|          0|
    |sel_tmp4_reg_3507_pp0_iter2_reg  |   1|   0|    1|          0|
    |sel_tmp56_reg_3570               |   1|   0|    1|          0|
    |sel_tmp618_demorgan_reg_3588     |   1|   0|    1|          0|
    |sel_tmp68_reg_3576               |   1|   0|    1|          0|
    |sel_tmp73_reg_3582               |   1|   0|    1|          0|
    |tmp109_reg_3676                  |   1|   0|    1|          0|
    |tmp112_reg_3681                  |   1|   0|    1|          0|
    |tmp115_reg_3686                  |   1|   0|    1|          0|
    |tmp122_reg_3691                  |   1|   0|    1|          0|
    |tmp34_reg_3636                   |   1|   0|    1|          0|
    |tmp49_reg_3641                   |   1|   0|    1|          0|
    |tmp56_reg_3646                   |   1|   0|    1|          0|
    |tmp62_reg_3651                   |   1|   0|    1|          0|
    |tmp71_reg_3656                   |   1|   0|    1|          0|
    |tmp78_reg_3661                   |   1|   0|    1|          0|
    |tmp86_reg_3666                   |   1|   0|    1|          0|
    |tmp93_reg_3671                   |   1|   0|    1|          0|
    |tmp_10_reg_3490                  |   1|   0|    1|          0|
    |tmp_12_reg_3495                  |   1|   0|    1|          0|
    |tmp_14_reg_3501                  |   1|   0|    1|          0|
    |tmp_15_reg_3338                  |  32|   0|   32|          0|
    |tmp_16_reg_3433                  |   1|   0|    1|          0|
    |tmp_17_reg_3445                  |   1|   0|    1|          0|
    |tmp_18_reg_3174                  |   1|   0|    1|          0|
    |tmp_19_reg_3180                  |   1|   0|    1|          0|
    |tmp_23_reg_3186                  |   1|   0|    1|          0|
    |tmp_24_reg_3198                  |   1|   0|    1|          0|
    |tmp_25_reg_3214                  |   1|   0|    1|          0|
    |tmp_26_reg_3238                  |   1|   0|    1|          0|
    |tmp_29_reg_3457                  |   1|   0|    1|          0|
    |tmp_30_reg_3278                  |   1|   0|    1|          0|
    |tmp_31_reg_3333                  |   1|   0|    1|          0|
    |tmp_9_reg_3485                   |   1|   0|    1|          0|
    |tmp_data_V_1_reg_3387            |  24|   0|   24|          0|
    |tmp_dest_V_reg_3417              |   6|   0|    6|          0|
    |tmp_id_V_reg_3412                |   5|   0|    5|          0|
    |tmp_keep_V_reg_3392              |   3|   0|    3|          0|
    |tmp_last_V_reg_3407              |   1|   0|    1|          0|
    |tmp_strb_V_reg_3397              |   3|   0|    3|          0|
    |tmp_user_V_reg_3402              |   2|   0|    2|          0|
    |exitcond1_reg_3378               |  64|  32|    1|          0|
    |tmp_16_reg_3433                  |  64|  32|    1|          0|
    |tmp_17_reg_3445                  |  64|  32|    1|          0|
    |tmp_data_V_1_reg_3387            |  64|  32|   24|          0|
    |tmp_dest_V_reg_3417              |  64|  32|    6|          0|
    |tmp_id_V_reg_3412                |  64|  32|    5|          0|
    |tmp_keep_V_reg_3392              |  64|  32|    3|          0|
    |tmp_last_V_reg_3407              |  64|  32|    1|          0|
    |tmp_strb_V_reg_3397              |  64|  32|    3|          0|
    |tmp_user_V_reg_3402              |  64|  32|    2|          0|
    +---------------------------------+----+----+-----+-----------+
    |Total                            |1170| 320|  577|          0|
    +---------------------------------+----+----+-----+-----------+



================================================================
== Interface
================================================================
* Summary: 
+------------------------+-----+-----+--------------+--------------------+--------------+
|        RTL Ports       | Dir | Bits|   Protocol   |    Source Object   |    C Type    |
+------------------------+-----+-----+--------------+--------------------+--------------+
|s_axi_CRTL_BUS_AWVALID  |  in |    1|     s_axi    |      CRTL_BUS      |    scalar    |
|s_axi_CRTL_BUS_AWREADY  | out |    1|     s_axi    |      CRTL_BUS      |    scalar    |
|s_axi_CRTL_BUS_AWADDR   |  in |    7|     s_axi    |      CRTL_BUS      |    scalar    |
|s_axi_CRTL_BUS_WVALID   |  in |    1|     s_axi    |      CRTL_BUS      |    scalar    |
|s_axi_CRTL_BUS_WREADY   | out |    1|     s_axi    |      CRTL_BUS      |    scalar    |
|s_axi_CRTL_BUS_WDATA    |  in |   32|     s_axi    |      CRTL_BUS      |    scalar    |
|s_axi_CRTL_BUS_WSTRB    |  in |    4|     s_axi    |      CRTL_BUS      |    scalar    |
|s_axi_CRTL_BUS_ARVALID  |  in |    1|     s_axi    |      CRTL_BUS      |    scalar    |
|s_axi_CRTL_BUS_ARREADY  | out |    1|     s_axi    |      CRTL_BUS      |    scalar    |
|s_axi_CRTL_BUS_ARADDR   |  in |    7|     s_axi    |      CRTL_BUS      |    scalar    |
|s_axi_CRTL_BUS_RVALID   | out |    1|     s_axi    |      CRTL_BUS      |    scalar    |
|s_axi_CRTL_BUS_RREADY   |  in |    1|     s_axi    |      CRTL_BUS      |    scalar    |
|s_axi_CRTL_BUS_RDATA    | out |   32|     s_axi    |      CRTL_BUS      |    scalar    |
|s_axi_CRTL_BUS_RRESP    | out |    2|     s_axi    |      CRTL_BUS      |    scalar    |
|s_axi_CRTL_BUS_BVALID   | out |    1|     s_axi    |      CRTL_BUS      |    scalar    |
|s_axi_CRTL_BUS_BREADY   |  in |    1|     s_axi    |      CRTL_BUS      |    scalar    |
|s_axi_CRTL_BUS_BRESP    | out |    2|     s_axi    |      CRTL_BUS      |    scalar    |
|ap_clk                  |  in |    1| ap_ctrl_none |    nodeDetector    | return value |
|ap_rst_n                |  in |    1| ap_ctrl_none |    nodeDetector    | return value |
|inStream_TDATA          |  in |   24|     axis     |  inStream_V_data_V |    pointer   |
|inStream_TVALID         |  in |    1|     axis     |  inStream_V_dest_V |    pointer   |
|inStream_TREADY         | out |    1|     axis     |  inStream_V_dest_V |    pointer   |
|inStream_TDEST          |  in |    6|     axis     |  inStream_V_dest_V |    pointer   |
|inStream_TKEEP          |  in |    3|     axis     |  inStream_V_keep_V |    pointer   |
|inStream_TSTRB          |  in |    3|     axis     |  inStream_V_strb_V |    pointer   |
|inStream_TUSER          |  in |    2|     axis     |  inStream_V_user_V |    pointer   |
|inStream_TLAST          |  in |    1|     axis     |  inStream_V_last_V |    pointer   |
|inStream_TID            |  in |    5|     axis     |   inStream_V_id_V  |    pointer   |
|outStream_TDATA         | out |   24|     axis     | outStream_V_data_V |    pointer   |
|outStream_TREADY        |  in |    1|     axis     | outStream_V_data_V |    pointer   |
|outStream_TVALID        | out |    1|     axis     | outStream_V_dest_V |    pointer   |
|outStream_TDEST         | out |    6|     axis     | outStream_V_dest_V |    pointer   |
|outStream_TKEEP         | out |    3|     axis     | outStream_V_keep_V |    pointer   |
|outStream_TSTRB         | out |    3|     axis     | outStream_V_strb_V |    pointer   |
|outStream_TUSER         | out |    2|     axis     | outStream_V_user_V |    pointer   |
|outStream_TLAST         | out |    1|     axis     | outStream_V_last_V |    pointer   |
|outStream_TID           | out |    5|     axis     |  outStream_V_id_V  |    pointer   |
|out_0_V                 | out |    1|    ap_none   |       out_0_V      |    pointer   |
|out_1_V                 | out |    1|    ap_none   |       out_1_V      |    pointer   |
|out_2_V                 | out |    1|    ap_none   |       out_2_V      |    pointer   |
|out_3_V                 | out |    1|    ap_none   |       out_3_V      |    pointer   |
|out_4_V                 | out |    1|    ap_none   |       out_4_V      |    pointer   |
|out_5_V                 | out |    1|    ap_none   |       out_5_V      |    pointer   |
|out_6_V                 | out |    1|    ap_none   |       out_6_V      |    pointer   |
|out2_0_V                | out |    1|    ap_none   |      out2_0_V      |    pointer   |
|out2_1_V                | out |    1|    ap_none   |      out2_1_V      |    pointer   |
|out2_2_V                | out |    1|    ap_none   |      out2_2_V      |    pointer   |
|out2_3_V                | out |    1|    ap_none   |      out2_3_V      |    pointer   |
|out2_4_V                | out |    1|    ap_none   |      out2_4_V      |    pointer   |
|out2_5_V                | out |    1|    ap_none   |      out2_5_V      |    pointer   |
|out2_6_V                | out |    1|    ap_none   |      out2_6_V      |    pointer   |
+------------------------+-----+-----+--------------+--------------------+--------------+

